Release 14.7 - xst P.20131013 (nt64)
Copyright (c) 1995-2013 Xilinx, Inc.  All rights reserved.
--> Parameter TMPDIR set to xst/projnav.tmp


Total REAL time to Xst completion: 1.00 secs
Total CPU time to Xst completion: 0.14 secs
 
--> Parameter xsthdpdir set to xst


Total REAL time to Xst completion: 1.00 secs
Total CPU time to Xst completion: 0.14 secs
 
--> Reading design: P3.prj

TABLE OF CONTENTS
  1) Synthesis Options Summary
  2) HDL Parsing
  3) HDL Elaboration
  4) HDL Synthesis
       4.1) HDL Synthesis Report
  5) Advanced HDL Synthesis
       5.1) Advanced HDL Synthesis Report
  6) Low Level Synthesis
  7) Partition Report
  8) Design Summary
       8.1) Primitive and Black Box Usage
       8.2) Device utilization summary
       8.3) Partition Resource Summary
       8.4) Timing Report
            8.4.1) Clock Information
            8.4.2) Asynchronous Control Signals Information
            8.4.3) Timing Summary
            8.4.4) Timing Details
            8.4.5) Cross Clock Domains Report


=========================================================================
*                      Synthesis Options Summary                        *
=========================================================================
---- Source Parameters
Input File Name                    : "P3.prj"
Ignore Synthesis Constraint File   : NO

---- Target Parameters
Output File Name                   : "P3"
Output Format                      : NGC
Target Device                      : xc6slx9-2-tqg144

---- Source Options
Top Module Name                    : P3
Automatic FSM Extraction           : YES
FSM Encoding Algorithm             : Auto
Safe Implementation                : No
FSM Style                          : LUT
RAM Extraction                     : Yes
RAM Style                          : Auto
ROM Extraction                     : Yes
Shift Register Extraction          : YES
ROM Style                          : Auto
Resource Sharing                   : YES
Asynchronous To Synchronous        : NO
Shift Register Minimum Size        : 2
Use DSP Block                      : Auto
Automatic Register Balancing       : No

---- Target Options
LUT Combining                      : Auto
Reduce Control Sets                : Auto
Add IO Buffers                     : YES
Global Maximum Fanout              : 100000
Add Generic Clock Buffer(BUFG)     : 16
Register Duplication               : YES
Optimize Instantiated Primitives   : NO
Use Clock Enable                   : Auto
Use Synchronous Set                : Auto
Use Synchronous Reset              : Auto
Pack IO Registers into IOBs        : Auto
Equivalent register Removal        : YES

---- General Options
Optimization Goal                  : Speed
Optimization Effort                : 1
Power Reduction                    : NO
Keep Hierarchy                     : No
Netlist Hierarchy                  : As_Optimized
RTL Output                         : Yes
Global Optimization                : AllClockNets
Read Cores                         : YES
Write Timing Constraints           : NO
Cross Clock Analysis               : NO
Hierarchy Separator                : /
Bus Delimiter                      : <>
Case Specifier                     : Maintain
Slice Utilization Ratio            : 100
BRAM Utilization Ratio             : 100
DSP48 Utilization Ratio            : 100
Auto BRAM Packing                  : NO
Slice Utilization Ratio Delta      : 5

=========================================================================


=========================================================================
*                          HDL Parsing                                  *
=========================================================================
Parsing VHDL file "C:\Users\ChuzGallagher\Documents\7mo Semestre\VLSI\P3\P3.vhd" into library work
Parsing entity <P3>.
Parsing architecture <Behavioral> of entity <p3>.

=========================================================================
*                            HDL Elaboration                            *
=========================================================================

Elaborating entity <P3> (architecture <Behavioral>) from library <work>.

=========================================================================
*                           HDL Synthesis                               *
=========================================================================

Synthesizing Unit <P3>.
    Related source file is "C:\Users\ChuzGallagher\Documents\7mo Semestre\VLSI\P3\P3.vhd".
    Found 1-bit register for signal <div>.
    Found 1-bit register for signal <A>.
    Found 1-bit register for signal <B>.
    Found 2-bit register for signal <qt>.
    Found 26-bit register for signal <delay>.
    Found finite state machine <FSM_0> for signal <qt>.
    -----------------------------------------------------------------------
    | States             | 4                                              |
    | Transitions        | 8                                              |
    | Inputs             | 1                                              |
    | Outputs            | 2                                              |
    | Clock              | div (rising_edge)                              |
    | Power Up State     | e0                                             |
    | Encoding           | auto                                           |
    | Implementation     | LUT                                            |
    -----------------------------------------------------------------------
    Found 26-bit adder for signal <delay[25]_GND_5_o_add_1_OUT> created at line 27.
    Summary:
	inferred   1 Adder/Subtractor(s).
	inferred  29 D-type flip-flop(s).
	inferred   1 Finite State Machine(s).
Unit <P3> synthesized.

=========================================================================
HDL Synthesis Report

Macro Statistics
# Adders/Subtractors                                   : 1
 26-bit adder                                          : 1
# Registers                                            : 4
 1-bit register                                        : 3
 26-bit register                                       : 1
# FSMs                                                 : 1

=========================================================================

=========================================================================
*                       Advanced HDL Synthesis                          *
=========================================================================


Synthesizing (advanced) Unit <P3>.
The following registers are absorbed into counter <delay>: 1 register on signal <delay>.
Unit <P3> synthesized (advanced).

=========================================================================
Advanced HDL Synthesis Report

Macro Statistics
# Counters                                             : 1
 26-bit up counter                                     : 1
# Registers                                            : 3
 Flip-Flops                                            : 3
# FSMs                                                 : 1

=========================================================================

=========================================================================
*                         Low Level Synthesis                           *
=========================================================================
Analyzing FSM <MFsm> for best encoding.
Optimizing FSM <FSM_0> on signal <qt[1:2]> with user encoding.
-------------------
 State | Encoding
-------------------
 e0    | 00
 e1    | 01
 e2    | 10
 e3    | 11
-------------------

Optimizing unit <P3> ...

Mapping all equations...
Building and optimizing final netlist ...
Found area constraint ratio of 100 (+ 5) on block P3, actual ratio is 0.

Final Macro Processing ...

=========================================================================
Final Register Report

Macro Statistics
# Registers                                            : 31
 Flip-Flops                                            : 31

=========================================================================

=========================================================================
*                           Partition Report                            *
=========================================================================

Partition Implementation Status
-------------------------------

  No Partitions were found in this design.

-------------------------------

=========================================================================
*                            Design Summary                             *
=========================================================================

Top Level Output File Name         : P3.ngc

Primitive and Black Box Usage:
------------------------------
# BELS                             : 117
#      GND                         : 1
#      INV                         : 2
#      LUT1                        : 25
#      LUT2                        : 28
#      LUT3                        : 2
#      LUT6                        : 7
#      MUXCY                       : 25
#      VCC                         : 1
#      XORCY                       : 26
# FlipFlops/Latches                : 31
#      FD                          : 31
# Clock Buffers                    : 1
#      BUFGP                       : 1
# IO Buffers                       : 3
#      IBUF                        : 1
#      OBUF                        : 2

Device utilization summary:
---------------------------

Selected Device : 6slx9tqg144-2 


Slice Logic Utilization: 
 Number of Slice Registers:              31  out of  11440     0%  
 Number of Slice LUTs:                   64  out of   5720     1%  
    Number used as Logic:                64  out of   5720     1%  

Slice Logic Distribution: 
 Number of LUT Flip Flop pairs used:     64
   Number with an unused Flip Flop:      33  out of     64    51%  
   Number with an unused LUT:             0  out of     64     0%  
   Number of fully used LUT-FF pairs:    31  out of     64    48%  
   Number of unique control sets:         2

IO Utilization: 
 Number of IOs:                           4
 Number of bonded IOBs:                   4  out of    102     3%  

Specific Feature Utilization:
 Number of BUFG/BUFGCTRLs:                1  out of     16     6%  

---------------------------
Partition Resource Summary:
---------------------------

  No Partitions were found in this design.

---------------------------


=========================================================================
Timing Report

NOTE: THESE TIMING NUMBERS ARE ONLY A SYNTHESIS ESTIMATE.
      FOR ACCURATE TIMING INFORMATION PLEASE REFER TO THE TRACE REPORT
      GENERATED AFTER PLACE-and-ROUTE.

Clock Information:
------------------
-----------------------------------+------------------------+-------+
Clock Signal                       | Clock buffer(FF name)  | Load  |
-----------------------------------+------------------------+-------+
div                                | NONE(A)                | 4     |
MCLK                               | BUFGP                  | 27    |
-----------------------------------+------------------------+-------+
INFO:Xst:2169 - HDL ADVISOR - Some clock signals were not automatically buffered by XST with BUFG/BUFR resources. Please use the buffer_type constraint in order to insert these buffers to the clock signals to help prevent skew problems.

Asynchronous Control Signals Information:
----------------------------------------
No asynchronous control signals found in this design

Timing Summary:
---------------
Speed Grade: -2

   Minimum period: 4.711ns (Maximum Frequency: 212.269MHz)
   Minimum input arrival time before clock: 3.063ns
   Maximum output required time after clock: 4.118ns
   Maximum combinational path delay: No path found

Timing Details:
---------------
All values displayed in nanoseconds (ns)

=========================================================================
Timing constraint: Default period analysis for Clock 'div'
  Clock period: 1.828ns (frequency: 547.046MHz)
  Total number of paths / destination ports: 6 / 3
-------------------------------------------------------------------------
Delay:               1.828ns (Levels of Logic = 1)
  Source:            qt_FSM_FFd1 (FF)
  Destination:       qt_FSM_FFd1 (FF)
  Source Clock:      div rising
  Destination Clock: div rising

  Data Path: qt_FSM_FFd1 to qt_FSM_FFd1
                                Gate     Net
    Cell:in->out      fanout   Delay   Delay  Logical Name (Net Name)
    ----------------------------------------  ------------
     FD:C->Q               3   0.525   0.994  qt_FSM_FFd1 (qt_FSM_FFd1)
     LUT3:I0->O            1   0.235   0.000  qt_FSM_FFd1-In1 (qt_FSM_FFd1-In)
     FD:D                      0.074          qt_FSM_FFd1
    ----------------------------------------
    Total                      1.828ns (0.834ns logic, 0.994ns route)
                                       (45.6% logic, 54.4% route)

=========================================================================
Timing constraint: Default period analysis for Clock 'MCLK'
  Clock period: 4.711ns (frequency: 212.269MHz)
  Total number of paths / destination ports: 1055 / 27
-------------------------------------------------------------------------
Delay:               4.711ns (Levels of Logic = 3)
  Source:            delay_13 (FF)
  Destination:       delay_0 (FF)
  Source Clock:      MCLK rising
  Destination Clock: MCLK rising

  Data Path: delay_13 to delay_0
                                Gate     Net
    Cell:in->out      fanout   Delay   Delay  Logical Name (Net Name)
    ----------------------------------------  ------------
     FD:C->Q               2   0.525   1.181  delay_13 (delay_13)
     LUT6:I0->O            3   0.254   1.042  PWR_5_o_delay[25]_equal_1_o<25>4 (PWR_5_o_delay[25]_equal_1_o<25>3)
     LUT6:I2->O           14   0.254   1.127  PWR_5_o_delay[25]_equal_1_o<25>5 (PWR_5_o_delay[25]_equal_1_o)
     LUT2:I1->O            1   0.254   0.000  delay_0_rstpot (delay_0_rstpot)
     FD:D                      0.074          delay_0
    ----------------------------------------
    Total                      4.711ns (1.361ns logic, 3.350ns route)
                                       (28.9% logic, 71.1% route)

=========================================================================
Timing constraint: Default OFFSET IN BEFORE for Clock 'div'
  Total number of paths / destination ports: 2 / 2
-------------------------------------------------------------------------
Offset:              3.063ns (Levels of Logic = 2)
  Source:            H (PAD)
  Destination:       qt_FSM_FFd2 (FF)
  Destination Clock: div rising

  Data Path: H to qt_FSM_FFd2
                                Gate     Net
    Cell:in->out      fanout   Delay   Delay  Logical Name (Net Name)
    ----------------------------------------  ------------
     IBUF:I->O             2   1.328   0.725  H_IBUF (H_IBUF)
     INV:I->O              1   0.255   0.681  qt_FSM_FFd2-In1_INV_0 (qt_FSM_FFd2-In)
     FD:D                      0.074          qt_FSM_FFd2
    ----------------------------------------
    Total                      3.063ns (1.657ns logic, 1.406ns route)
                                       (54.1% logic, 45.9% route)

=========================================================================
Timing constraint: Default OFFSET OUT AFTER for Clock 'div'
  Total number of paths / destination ports: 2 / 2
-------------------------------------------------------------------------
Offset:              4.118ns (Levels of Logic = 1)
  Source:            A (FF)
  Destination:       A (PAD)
  Source Clock:      div rising

  Data Path: A to A
                                Gate     Net
    Cell:in->out      fanout   Delay   Delay  Logical Name (Net Name)
    ----------------------------------------  ------------
     FD:C->Q               1   0.525   0.681  A (A_OBUF)
     OBUF:I->O                 2.912          A_OBUF (A)
    ----------------------------------------
    Total                      4.118ns (3.437ns logic, 0.681ns route)
                                       (83.5% logic, 16.5% route)

=========================================================================

Cross Clock Domains Report:
--------------------------

Clock to Setup on destination clock MCLK
---------------+---------+---------+---------+---------+
               | Src:Rise| Src:Fall| Src:Rise| Src:Fall|
Source Clock   |Dest:Rise|Dest:Rise|Dest:Fall|Dest:Fall|
---------------+---------+---------+---------+---------+
MCLK           |    4.711|         |         |         |
---------------+---------+---------+---------+---------+

Clock to Setup on destination clock div
---------------+---------+---------+---------+---------+
               | Src:Rise| Src:Fall| Src:Rise| Src:Fall|
Source Clock   |Dest:Rise|Dest:Rise|Dest:Fall|Dest:Fall|
---------------+---------+---------+---------+---------+
div            |    1.828|         |         |         |
---------------+---------+---------+---------+---------+

=========================================================================


Total REAL time to Xst completion: 5.00 secs
Total CPU time to Xst completion: 4.54 secs
 
--> 

Total memory usage is 4494344 kilobytes

Number of errors   :    0 (   0 filtered)
Number of warnings :    0 (   0 filtered)
Number of infos    :    1 (   0 filtered)

